******************************************************************************
            TI ARM Clang Linker PC v4.0.0                      
******************************************************************************
>> Linked Thu Apr 30 14:09:53 2026

OUTPUT FILE NAME:   <Final_Project.out>
ENTRY POINT SYMBOL: "_c_int00_noargs"  address: 00000bb5


MEMORY CONFIGURATION

         name            origin    length      used     unused   attr    fill
----------------------  --------  ---------  --------  --------  ----  --------
  FLASH                 00000000   00020000  00000db8  0001f248  R  X
  SRAM                  20200000   00008000  00000a05  000075fb  RW X
  BCR_CONFIG            41c00000   00000080  00000000  00000080  R   
  BSL_CONFIG            41c00100   00000080  00000000  00000080  R   


SEGMENT ALLOCATION MAP

run origin  load origin   length   init length attrs members
----------  ----------- ---------- ----------- ----- -------
00000000    00000000    00000db8   00000db8    r-x
  00000000    00000000    000000c0   000000c0    r-- .intvecs
  000000c0    000000c0    00000c40   00000c40    r-x .text
  00000d00    00000d00    00000098   00000098    r-- .rodata
  00000d98    00000d98    00000020   00000020    r-- .cinit
20200000    20200000    00000805   00000000    rw-
  20200000    20200000    00000800   00000000    rw- .sysmem
  20200800    20200800    00000005   00000000    rw- .data
20207e00    20207e00    00000200   00000000    rw-
  20207e00    20207e00    00000200   00000000    rw- .stack


SECTION ALLOCATION MAP

 output                                  attributes/
section   page    origin      length       input sections
--------  ----  ----------  ----------   ----------------
.intvecs   0    00000000    000000c0     
                  00000000    000000c0     startup_mspm0g3507_ticlang.o (.intvecs)

.text      0    000000c0    00000c40     
                  000000c0    00000184     LaunchPad.o (.text.I2C_mstr_send_internal)
                  00000244    00000170     clock.o (.text.clock_init_40mhz)
                  000003b4    0000011c     lcd1602.o (.text.lcd1602_write)
                  000004d0    000000d4     adc.o (.text.ADC0_init)
                  000005a4    000000c4     Final_project_main.o (.text.read_display_soil)
                  00000668    000000c0     lcd1602.o (.text.lcd1602_init)
                  00000728    000000bc     LaunchPad.o (.text.I2C_mstr_init)
                  000007e4    0000009c     LaunchPad.o (.text.is_pb_down)
                  00000880    0000007c     lcd1602.o (.text.doublebyte_to_ascii)
                  000008fc    0000007c     libc.a : copy_decompress_lzss.c.obj (.text:decompress:lzss)
                  00000978    00000068     adc.o (.text.ADC0_in)
                  000009e0    0000005c     LaunchPad.o (.text.I2C_fill_tx_fifo)
                  00000a3c    00000040     libclang_rt.builtins.a : aeabi_uidivmod.S.obj (.text.__aeabi_uidivmod)
                  00000a7c    0000003c     clock.o (.text.usec_delay)
                  00000ab8    0000003c     libc.a : autoinit.c.obj (.text:__TI_auto_init_nobinit_nopinit)
                  00000af4    00000038     LaunchPad.o (.text.launchpad_gpio_init)
                  00000b2c    00000034     clock.o (.text.msec_delay)
                  00000b60    0000002c     lcd1602.o (.text.lcd_write_doublebyte)
                  00000b8c    00000028     Final_project_main.o (.text.main)
                  00000bb4    00000028     libc.a : boot_cortex_m.c.obj (.text:_c_int00_noargs)
                  00000bdc    00000024     lcd1602.o (.text.lcd_write_string)
                  00000c00    00000024     Final_project_main.o (.text.wait_for_pb_released)
                  00000c24    00000020     lcd1602.o (.text.lcd_set_backlight_on)
                  00000c44    00000020     lcd1602.o (.text.lcd_set_ddram_addr)
                  00000c64    0000001e     LaunchPad.o (.text.I2C_mstr_send1)
                  00000c82    00000018     lcd1602.o (.text.lcd_write_char)
                  00000c9a    00000012     libc.a : memcpy16.S.obj (.text:TI_memcpy_small)
                  00000cac    00000012            : copy_decompress_none.c.obj (.text:decompress:none)
                  00000cbe    00000010     clock.o (.text.clock_delay)
                  00000cce    0000000e     lcd1602.o (.text.lcd_clear)
                  00000cdc    00000008     libclang_rt.builtins.a : aeabi_memcpy.S.obj (.text.__aeabi_memcpy)
                  00000ce4    00000004     startup_mspm0g3507_ticlang.o (.text.Default_Handler)
                  00000ce8    00000004     startup_mspm0g3507_ticlang.o (.text.HardFault_Handler)
                  00000cec    00000004     startup_mspm0g3507_ticlang.o (.text.Reset_Handler)
                  00000cf0    00000004     libc.a : pre_init.c.obj (.text._system_pre_init)
                  00000cf4    00000004            : exit.c.obj (.text:abort)
                  00000cf8    00000002     libclang_rt.builtins.a : aeabi_div0.c.obj (.text.__aeabi_idiv0)
                  00000cfa    00000006     --HOLE-- [fill = 0]

.cinit     0    00000d98    00000020     
                  00000d98    00000009     (.cinit..data.load) [load image, compression = lzss]
                  00000da1    00000003     --HOLE-- [fill = 0]
                  00000da4    00000008     (__TI_handler_table)
                  00000dac    00000008     (__TI_cinit_table)
                  00000db4    00000004     --HOLE-- [fill = 0]

.rodata    0    00000d00    00000098     
                  00000d00    00000030     LaunchPad.o (.rodata.dip_switch_config_data)
                  00000d30    00000018     LaunchPad.o (.rodata.iic_config_data)
                  00000d48    00000018     Final_project_main.o (.rodata.str1.96459432753672352261)
                  00000d60    00000011     Final_project_main.o (.rodata.str1.132598897817469071111)
                  00000d71    00000010     Final_project_main.o (.rodata.str1.55932294812474455831)
                  00000d81    0000000c     Final_project_main.o (.rodata.str1.158293686427810717601)
                  00000d8d    00000005     Final_project_main.o (.rodata.str1.2111913673257691011)
                  00000d92    00000006     --HOLE-- [fill = 0]

.init_array 
*          0    00000000    00000000     UNINITIALIZED

.binit     0    00000000    00000000     

.data      0    20200800    00000005     UNINITIALIZED
                  20200800    00000004     clock.o (.data.g_bus_clock_freq)
                  20200804    00000001     lcd1602.o (.data.g_lcd_backlight_mode)

.sysmem    0    20200000    00000800     UNINITIALIZED
                  20200000    00000010     libc.a : memory.c.obj (.sysmem)
                  20200010    000007f0     --HOLE--

.stack     0    20207e00    00000200     UNINITIALIZED
                  20207e00    00000004     libc.a : boot_cortex_m.c.obj (.stack)
                  20207e04    000001fc     --HOLE--

__llvm_prf_cnts 
*          0    20200000    00000000     UNINITIALIZED

__llvm_prf_bits 
*          0    20200000    00000000     UNINITIALIZED

MODULE SUMMARY

       Module                         code   ro data   rw data
       ------                         ----   -------   -------
    .\
       LaunchPad.o                    910    72        0      
       lcd1602.o                      782    0         1      
       clock.o                        496    0         4      
       Final_project_main.o           272    74        0      
       adc.o                          316    0         0      
    +--+------------------------------+------+---------+---------+
       Total:                         2776   146       5      
                                                              
    .\ticlang\
       startup_mspm0g3507_ticlang.o   12     192       0      
    +--+------------------------------+------+---------+---------+
       Total:                         12     192       0      
                                                              
    C:\ti\ccstheia151\ccs\tools\compiler\ti-cgt-armllvm_4.0.0.LTS\lib\armv6m-ti-none-eabi/c/libc.a
       copy_decompress_lzss.c.obj     124    0         0      
       autoinit.c.obj                 60     0         0      
       boot_cortex_m.c.obj            40     0         0      
       copy_decompress_none.c.obj     18     0         0      
       memcpy16.S.obj                 18     0         0      
       exit.c.obj                     4      0         0      
       pre_init.c.obj                 4      0         0      
    +--+------------------------------+------+---------+---------+
       Total:                         268    0         0      
                                                              
    C:\ti\ccstheia151\ccs\tools\compiler\ti-cgt-armllvm_4.0.0.LTS\lib\armv6m-ti-none-eabi/libclang_rt.builtins.a
       aeabi_uidivmod.S.obj           64     0         0      
       aeabi_memcpy.S.obj             8      0         0      
       aeabi_div0.c.obj               2      0         0      
    +--+------------------------------+------+---------+---------+
       Total:                         74     0         0      
                                                              
       Heap:                          0      0         2048   
       Stack:                         0      0         512    
       Linker Generated:              0      25        0      
    +--+------------------------------+------+---------+---------+
       Grand Total:                   3130   363       2565   


LINKER GENERATED COPY TABLES

__TI_cinit_table @ 00000dac records: 1, size/record: 8, table size: 8
	.data: load addr=00000d98, load size=00000009 bytes, run addr=20200800, run size=00000005 bytes, compression=lzss


LINKER GENERATED HANDLER TABLE

__TI_handler_table @ 00000da4 records: 2, size/record: 4, table size: 8
	index: 0, handler: __TI_decompress_lzss
	index: 1, handler: __TI_decompress_none


GLOBAL SYMBOLS: SORTED ALPHABETICALLY BY Name 

address   name                          
-------   ----                          
00000ce5  ADC0_IRQHandler               
00000979  ADC0_in                       
000004d1  ADC0_init                     
00000ce5  ADC1_IRQHandler               
00000ce5  AES_IRQHandler                
00000cf4  C$$EXIT                       
00000ce5  CANFD0_IRQHandler             
00000ce5  DAC0_IRQHandler               
00000ce5  DMA_IRQHandler                
00000ce5  Default_Handler               
00000ce5  GROUP0_IRQHandler             
00000ce5  GROUP1_IRQHandler             
00000ce9  HardFault_Handler             
00000ce5  I2C0_IRQHandler               
00000ce5  I2C1_IRQHandler               
00000729  I2C_mstr_init                 
00000c65  I2C_mstr_send1                
00000ce5  NMI_Handler                   
00000ce5  PendSV_Handler                
00000ce5  RTC_IRQHandler                
00000ced  Reset_Handler                 
00000ce5  SPI0_IRQHandler               
00000ce5  SPI1_IRQHandler               
00000ce5  SVC_Handler                   
00000ce5  SysTick_Handler               
00000ce5  TIMA0_IRQHandler              
00000ce5  TIMA1_IRQHandler              
00000ce5  TIMG0_IRQHandler              
00000ce5  TIMG12_IRQHandler             
00000ce5  TIMG6_IRQHandler              
00000ce5  TIMG7_IRQHandler              
00000ce5  TIMG8_IRQHandler              
00000c9b  TI_memcpy_small               
00000ce5  UART0_IRQHandler              
00000ce5  UART1_IRQHandler              
00000ce5  UART2_IRQHandler              
00000ce5  UART3_IRQHandler              
20208000  __STACK_END                   
00000200  __STACK_SIZE                  
00000800  __SYSMEM_SIZE                 
00000000  __TI_ATRegion0_region_sz      
00000000  __TI_ATRegion0_src_addr       
00000000  __TI_ATRegion0_trg_addr       
00000000  __TI_ATRegion1_region_sz      
00000000  __TI_ATRegion1_src_addr       
00000000  __TI_ATRegion1_trg_addr       
00000000  __TI_ATRegion2_region_sz      
00000000  __TI_ATRegion2_src_addr       
00000000  __TI_ATRegion2_trg_addr       
00000dac  __TI_CINIT_Base               
00000db4  __TI_CINIT_Limit              
00000db4  __TI_CINIT_Warm               
00000da4  __TI_Handler_Table_Base       
00000dac  __TI_Handler_Table_Limit      
00000ab9  __TI_auto_init_nobinit_nopinit
000008fd  __TI_decompress_lzss          
00000cad  __TI_decompress_none          
ffffffff  __TI_pprof_out_hndl           
ffffffff  __TI_prof_data_size           
ffffffff  __TI_prof_data_start          
00000000  __TI_static_base__            
00000cf9  __aeabi_idiv0                 
00000cdd  __aeabi_memcpy                
00000cdd  __aeabi_memcpy4               
00000cdd  __aeabi_memcpy8               
00000a3d  __aeabi_uidiv                 
00000a3d  __aeabi_uidivmod              
ffffffff  __binit__                     
UNDEFED   __mpu_init                    
20207e00  __stack                       
20200000  __start___llvm_prf_bits       
20200000  __start___llvm_prf_cnts       
20200000  __stop___llvm_prf_bits        
20200000  __stop___llvm_prf_cnts        
00000bb5  _c_int00_noargs               
20200000  _sys_memory                   
UNDEFED   _system_post_cinit            
00000cf1  _system_pre_init              
00000cf5  abort                         
ffffffff  binit                         
00000cbf  clock_delay                   
00000245  clock_init_40mhz              
00000d00  dip_switch_config_data        
00000881  doublebyte_to_ascii           
20200800  g_bus_clock_freq              
00000d30  iic_config_data               
00000000  interruptVectors              
000007e5  is_pb_down                    
00000af5  launchpad_gpio_init           
00000669  lcd1602_init                  
000003b5  lcd1602_write                 
00000ccf  lcd_clear                     
00000c25  lcd_set_backlight_on          
00000c45  lcd_set_ddram_addr            
00000c83  lcd_write_char                
00000b61  lcd_write_doublebyte          
00000bdd  lcd_write_string              
00000b8d  main                          
00000b2d  msec_delay                    
000005a5  read_display_soil             
00000a7d  usec_delay                    
00000c01  wait_for_pb_released          


GLOBAL SYMBOLS: SORTED BY Symbol Address 

address   name                          
-------   ----                          
00000000  __TI_ATRegion0_region_sz      
00000000  __TI_ATRegion0_src_addr       
00000000  __TI_ATRegion0_trg_addr       
00000000  __TI_ATRegion1_region_sz      
00000000  __TI_ATRegion1_src_addr       
00000000  __TI_ATRegion1_trg_addr       
00000000  __TI_ATRegion2_region_sz      
00000000  __TI_ATRegion2_src_addr       
00000000  __TI_ATRegion2_trg_addr       
00000000  __TI_static_base__            
00000000  interruptVectors              
00000200  __STACK_SIZE                  
00000245  clock_init_40mhz              
000003b5  lcd1602_write                 
000004d1  ADC0_init                     
000005a5  read_display_soil             
00000669  lcd1602_init                  
00000729  I2C_mstr_init                 
000007e5  is_pb_down                    
00000800  __SYSMEM_SIZE                 
00000881  doublebyte_to_ascii           
000008fd  __TI_decompress_lzss          
00000979  ADC0_in                       
00000a3d  __aeabi_uidiv                 
00000a3d  __aeabi_uidivmod              
00000a7d  usec_delay                    
00000ab9  __TI_auto_init_nobinit_nopinit
00000af5  launchpad_gpio_init           
00000b2d  msec_delay                    
00000b61  lcd_write_doublebyte          
00000b8d  main                          
00000bb5  _c_int00_noargs               
00000bdd  lcd_write_string              
00000c01  wait_for_pb_released          
00000c25  lcd_set_backlight_on          
00000c45  lcd_set_ddram_addr            
00000c65  I2C_mstr_send1                
00000c83  lcd_write_char                
00000c9b  TI_memcpy_small               
00000cad  __TI_decompress_none          
00000cbf  clock_delay                   
00000ccf  lcd_clear                     
00000cdd  __aeabi_memcpy                
00000cdd  __aeabi_memcpy4               
00000cdd  __aeabi_memcpy8               
00000ce5  ADC0_IRQHandler               
00000ce5  ADC1_IRQHandler               
00000ce5  AES_IRQHandler                
00000ce5  CANFD0_IRQHandler             
00000ce5  DAC0_IRQHandler               
00000ce5  DMA_IRQHandler                
00000ce5  Default_Handler               
00000ce5  GROUP0_IRQHandler             
00000ce5  GROUP1_IRQHandler             
00000ce5  I2C0_IRQHandler               
00000ce5  I2C1_IRQHandler               
00000ce5  NMI_Handler                   
00000ce5  PendSV_Handler                
00000ce5  RTC_IRQHandler                
00000ce5  SPI0_IRQHandler               
00000ce5  SPI1_IRQHandler               
00000ce5  SVC_Handler                   
00000ce5  SysTick_Handler               
00000ce5  TIMA0_IRQHandler              
00000ce5  TIMA1_IRQHandler              
00000ce5  TIMG0_IRQHandler              
00000ce5  TIMG12_IRQHandler             
00000ce5  TIMG6_IRQHandler              
00000ce5  TIMG7_IRQHandler              
00000ce5  TIMG8_IRQHandler              
00000ce5  UART0_IRQHandler              
00000ce5  UART1_IRQHandler              
00000ce5  UART2_IRQHandler              
00000ce5  UART3_IRQHandler              
00000ce9  HardFault_Handler             
00000ced  Reset_Handler                 
00000cf1  _system_pre_init              
00000cf4  C$$EXIT                       
00000cf5  abort                         
00000cf9  __aeabi_idiv0                 
00000d00  dip_switch_config_data        
00000d30  iic_config_data               
00000da4  __TI_Handler_Table_Base       
00000dac  __TI_CINIT_Base               
00000dac  __TI_Handler_Table_Limit      
00000db4  __TI_CINIT_Limit              
00000db4  __TI_CINIT_Warm               
20200000  __start___llvm_prf_bits       
20200000  __start___llvm_prf_cnts       
20200000  __stop___llvm_prf_bits        
20200000  __stop___llvm_prf_cnts        
20200000  _sys_memory                   
20200800  g_bus_clock_freq              
20207e00  __stack                       
20208000  __STACK_END                   
ffffffff  __TI_pprof_out_hndl           
ffffffff  __TI_prof_data_size           
ffffffff  __TI_prof_data_start          
ffffffff  __binit__                     
ffffffff  binit                         
UNDEFED   __mpu_init                    
UNDEFED   _system_post_cinit            

[102 symbols]
