******************************************************************************
            TI ARM Clang Linker PC v4.0.0                      
******************************************************************************
>> Linked Tue May  5 00:57:50 2026

OUTPUT FILE NAME:   <Final_Project.out>
ENTRY POINT SYMBOL: "_c_int00_noargs"  address: 00000d59


MEMORY CONFIGURATION

         name            origin    length      used     unused   attr    fill
----------------------  --------  ---------  --------  --------  ----  --------
  FLASH                 00000000   00020000  00000f28  0001f0d8  R  X
  SRAM                  20200000   00008000  00000a05  000075fb  RW X
  BCR_CONFIG            41c00000   00000080  00000000  00000080  R   
  BSL_CONFIG            41c00100   00000080  00000000  00000080  R   


SEGMENT ALLOCATION MAP

run origin  load origin   length   init length attrs members
----------  ----------- ---------- ----------- ----- -------
00000000    00000000    00000f28   00000f28    r-x
  00000000    00000000    000000c0   000000c0    r-- .intvecs
  000000c0    000000c0    00000dd0   00000dd0    r-x .text
  00000e90    00000e90    00000078   00000078    r-- .rodata
  00000f08    00000f08    00000020   00000020    r-- .cinit
20200000    20200000    00000805   00000000    rw-
  20200000    20200000    00000800   00000000    rw- .sysmem
  20200800    20200800    00000005   00000000    rw- .data
20207e00    20207e00    00000200   00000000    rw-
  20207e00    20207e00    00000200   00000000    rw- .stack


SECTION ALLOCATION MAP

 output                                  attributes/
section   page    origin      length       input sections
--------  ----  ----------  ----------   ----------------
.intvecs   0    00000000    000000c0     
                  00000000    000000c0     startup_mspm0g3507_ticlang.o (.intvecs)

.text      0    000000c0    00000dd0     
                  000000c0    00000184     LaunchPad.o (.text.I2C_mstr_send_internal)
                  00000244    00000170     clock.o (.text.clock_init_40mhz)
                  000003b4    0000011c     lcd1602.o (.text.lcd1602_write)
                  000004d0    000000d4     adc.o (.text.ADC1_init)
                  000005a4    000000d0     LaunchPad.o (.text.leds_off)
                  00000674    000000c8     Light_sensor_main.o (.text.light_read_display)
                  0000073c    000000c0     lcd1602.o (.text.lcd1602_init)
                  000007fc    000000bc     LaunchPad.o (.text.I2C_mstr_init)
                  000008b8    000000b4     LaunchPad.o (.text.led_on)
                  0000096c    000000a8     LaunchPad.o (.text.leds_init)
                  00000a14    0000007c     lcd1602.o (.text.doublebyte_to_ascii)
                  00000a90    0000007c     libc.a : copy_decompress_lzss.c.obj (.text:decompress:lzss)
                  00000b0c    00000068     adc.o (.text.ADC1_in)
                  00000b74    0000005c     LaunchPad.o (.text.I2C_fill_tx_fifo)
                  00000bd0    00000040     libclang_rt.builtins.a : aeabi_uidivmod.S.obj (.text.__aeabi_uidivmod)
                  00000c10    0000003c     clock.o (.text.usec_delay)
                  00000c4c    0000003c     libc.a : autoinit.c.obj (.text:__TI_auto_init_nobinit_nopinit)
                  00000c88    00000038     LaunchPad.o (.text.launchpad_gpio_init)
                  00000cc0    00000038     Light_sensor_main.o (.text.main)
                  00000cf8    00000034     clock.o (.text.msec_delay)
                  00000d2c    0000002c     lcd1602.o (.text.lcd_write_doublebyte)
                  00000d58    00000028     libc.a : boot_cortex_m.c.obj (.text:_c_int00_noargs)
                  00000d80    00000024     lcd1602.o (.text.lcd_write_string)
                  00000da4    00000020     lcd1602.o (.text.lcd_set_backlight_on)
                  00000dc4    00000020     lcd1602.o (.text.lcd_set_ddram_addr)
                  00000de4    0000001e     LaunchPad.o (.text.I2C_mstr_send1)
                  00000e02    00000018     lcd1602.o (.text.lcd_write_char)
                  00000e1a    00000002     libclang_rt.builtins.a : aeabi_div0.c.obj (.text.__aeabi_idiv0)
                  00000e1c    00000014     LaunchPad.o (.text.leds_enable)
                  00000e30    00000012     libc.a : memcpy16.S.obj (.text:TI_memcpy_small)
                  00000e42    00000012            : copy_decompress_none.c.obj (.text:decompress:none)
                  00000e54    00000010     clock.o (.text.clock_delay)
                  00000e64    0000000e     lcd1602.o (.text.lcd_clear)
                  00000e72    00000002     --HOLE-- [fill = 0]
                  00000e74    00000008     libclang_rt.builtins.a : aeabi_memcpy.S.obj (.text.__aeabi_memcpy)
                  00000e7c    00000004     startup_mspm0g3507_ticlang.o (.text.Default_Handler)
                  00000e80    00000004     startup_mspm0g3507_ticlang.o (.text.HardFault_Handler)
                  00000e84    00000004     startup_mspm0g3507_ticlang.o (.text.Reset_Handler)
                  00000e88    00000004     libc.a : pre_init.c.obj (.text._system_pre_init)
                  00000e8c    00000004            : exit.c.obj (.text:abort)

.cinit     0    00000f08    00000020     
                  00000f08    00000009     (.cinit..data.load) [load image, compression = lzss]
                  00000f11    00000003     --HOLE-- [fill = 0]
                  00000f14    00000008     (__TI_handler_table)
                  00000f1c    00000008     (__TI_cinit_table)
                  00000f24    00000004     --HOLE-- [fill = 0]

.rodata    0    00000e90    00000078     
                  00000e90    00000060     LaunchPad.o (.rodata.led_config_data)
                  00000ef0    00000018     LaunchPad.o (.rodata.iic_config_data)

.init_array 
*          0    00000000    00000000     UNINITIALIZED

.binit     0    00000000    00000000     

.data      0    20200800    00000005     UNINITIALIZED
                  20200800    00000004     clock.o (.data.g_bus_clock_freq)
                  20200804    00000001     lcd1602.o (.data.g_lcd_backlight_mode)

.sysmem    0    20200000    00000800     UNINITIALIZED
                  20200000    00000010     libc.a : memory.c.obj (.sysmem)
                  20200010    000007f0     --HOLE--

.stack     0    20207e00    00000200     UNINITIALIZED
                  20207e00    00000004     libc.a : boot_cortex_m.c.obj (.stack)
                  20207e04    000001fc     --HOLE--

__llvm_prf_cnts 
*          0    20200000    00000000     UNINITIALIZED

__llvm_prf_bits 
*          0    20200000    00000000     UNINITIALIZED

MODULE SUMMARY

       Module                         code   ro data   rw data
       ------                         ----   -------   -------
    .\
       LaunchPad.o                    1330   120       0      
       lcd1602.o                      782    0         1      
       clock.o                        496    0         4      
       adc.o                          316    0         0      
       Light_sensor_main.o            256    0         0      
    +--+------------------------------+------+---------+---------+
       Total:                         3180   120       5      
                                                              
    .\ticlang\
       startup_mspm0g3507_ticlang.o   12     192       0      
    +--+------------------------------+------+---------+---------+
       Total:                         12     192       0      
                                                              
    C:\ti\ccstheia151\ccs\tools\compiler\ti-cgt-armllvm_4.0.0.LTS\lib\armv6m-ti-none-eabi/c/libc.a
       copy_decompress_lzss.c.obj     124    0         0      
       autoinit.c.obj                 60     0         0      
       boot_cortex_m.c.obj            40     0         0      
       copy_decompress_none.c.obj     18     0         0      
       memcpy16.S.obj                 18     0         0      
       exit.c.obj                     4      0         0      
       pre_init.c.obj                 4      0         0      
    +--+------------------------------+------+---------+---------+
       Total:                         268    0         0      
                                                              
    C:\ti\ccstheia151\ccs\tools\compiler\ti-cgt-armllvm_4.0.0.LTS\lib\armv6m-ti-none-eabi/libclang_rt.builtins.a
       aeabi_uidivmod.S.obj           64     0         0      
       aeabi_memcpy.S.obj             8      0         0      
       aeabi_div0.c.obj               2      0         0      
    +--+------------------------------+------+---------+---------+
       Total:                         74     0         0      
                                                              
       Heap:                          0      0         2048   
       Stack:                         0      0         512    
       Linker Generated:              0      25        0      
    +--+------------------------------+------+---------+---------+
       Grand Total:                   3534   337       2565   


LINKER GENERATED COPY TABLES

__TI_cinit_table @ 00000f1c records: 1, size/record: 8, table size: 8
	.data: load addr=00000f08, load size=00000009 bytes, run addr=20200800, run size=00000005 bytes, compression=lzss


LINKER GENERATED HANDLER TABLE

__TI_handler_table @ 00000f14 records: 2, size/record: 4, table size: 8
	index: 0, handler: __TI_decompress_lzss
	index: 1, handler: __TI_decompress_none


GLOBAL SYMBOLS: SORTED ALPHABETICALLY BY Name 

address   name                          
-------   ----                          
00000e7d  ADC0_IRQHandler               
00000e7d  ADC1_IRQHandler               
00000b0d  ADC1_in                       
000004d1  ADC1_init                     
00000e7d  AES_IRQHandler                
00000e8c  C$$EXIT                       
00000e7d  CANFD0_IRQHandler             
00000e7d  DAC0_IRQHandler               
00000e7d  DMA_IRQHandler                
00000e7d  Default_Handler               
00000e7d  GROUP0_IRQHandler             
00000e7d  GROUP1_IRQHandler             
00000e81  HardFault_Handler             
00000e7d  I2C0_IRQHandler               
00000e7d  I2C1_IRQHandler               
000007fd  I2C_mstr_init                 
00000de5  I2C_mstr_send1                
00000e7d  NMI_Handler                   
00000e7d  PendSV_Handler                
00000e7d  RTC_IRQHandler                
00000e85  Reset_Handler                 
00000e7d  SPI0_IRQHandler               
00000e7d  SPI1_IRQHandler               
00000e7d  SVC_Handler                   
00000e7d  SysTick_Handler               
00000e7d  TIMA0_IRQHandler              
00000e7d  TIMA1_IRQHandler              
00000e7d  TIMG0_IRQHandler              
00000e7d  TIMG12_IRQHandler             
00000e7d  TIMG6_IRQHandler              
00000e7d  TIMG7_IRQHandler              
00000e7d  TIMG8_IRQHandler              
00000e31  TI_memcpy_small               
00000e7d  UART0_IRQHandler              
00000e7d  UART1_IRQHandler              
00000e7d  UART2_IRQHandler              
00000e7d  UART3_IRQHandler              
20208000  __STACK_END                   
00000200  __STACK_SIZE                  
00000800  __SYSMEM_SIZE                 
00000000  __TI_ATRegion0_region_sz      
00000000  __TI_ATRegion0_src_addr       
00000000  __TI_ATRegion0_trg_addr       
00000000  __TI_ATRegion1_region_sz      
00000000  __TI_ATRegion1_src_addr       
00000000  __TI_ATRegion1_trg_addr       
00000000  __TI_ATRegion2_region_sz      
00000000  __TI_ATRegion2_src_addr       
00000000  __TI_ATRegion2_trg_addr       
00000f1c  __TI_CINIT_Base               
00000f24  __TI_CINIT_Limit              
00000f24  __TI_CINIT_Warm               
00000f14  __TI_Handler_Table_Base       
00000f1c  __TI_Handler_Table_Limit      
00000c4d  __TI_auto_init_nobinit_nopinit
00000a91  __TI_decompress_lzss          
00000e43  __TI_decompress_none          
ffffffff  __TI_pprof_out_hndl           
ffffffff  __TI_prof_data_size           
ffffffff  __TI_prof_data_start          
00000000  __TI_static_base__            
00000e1b  __aeabi_idiv0                 
00000e75  __aeabi_memcpy                
00000e75  __aeabi_memcpy4               
00000e75  __aeabi_memcpy8               
00000bd1  __aeabi_uidiv                 
00000bd1  __aeabi_uidivmod              
ffffffff  __binit__                     
UNDEFED   __mpu_init                    
20207e00  __stack                       
20200000  __start___llvm_prf_bits       
20200000  __start___llvm_prf_cnts       
20200000  __stop___llvm_prf_bits        
20200000  __stop___llvm_prf_cnts        
00000d59  _c_int00_noargs               
20200000  _sys_memory                   
UNDEFED   _system_post_cinit            
00000e89  _system_pre_init              
00000e8d  abort                         
ffffffff  binit                         
00000e55  clock_delay                   
00000245  clock_init_40mhz              
00000a15  doublebyte_to_ascii           
20200800  g_bus_clock_freq              
00000ef0  iic_config_data               
00000000  interruptVectors              
00000c89  launchpad_gpio_init           
0000073d  lcd1602_init                  
000003b5  lcd1602_write                 
00000e65  lcd_clear                     
00000da5  lcd_set_backlight_on          
00000dc5  lcd_set_ddram_addr            
00000e03  lcd_write_char                
00000d2d  lcd_write_doublebyte          
00000d81  lcd_write_string              
00000e90  led_config_data               
000008b9  led_on                        
00000e1d  leds_enable                   
0000096d  leds_init                     
000005a5  leds_off                      
00000675  light_read_display            
00000cc1  main                          
00000cf9  msec_delay                    
00000c11  usec_delay                    


GLOBAL SYMBOLS: SORTED BY Symbol Address 

address   name                          
-------   ----                          
00000000  __TI_ATRegion0_region_sz      
00000000  __TI_ATRegion0_src_addr       
00000000  __TI_ATRegion0_trg_addr       
00000000  __TI_ATRegion1_region_sz      
00000000  __TI_ATRegion1_src_addr       
00000000  __TI_ATRegion1_trg_addr       
00000000  __TI_ATRegion2_region_sz      
00000000  __TI_ATRegion2_src_addr       
00000000  __TI_ATRegion2_trg_addr       
00000000  __TI_static_base__            
00000000  interruptVectors              
00000200  __STACK_SIZE                  
00000245  clock_init_40mhz              
000003b5  lcd1602_write                 
000004d1  ADC1_init                     
000005a5  leds_off                      
00000675  light_read_display            
0000073d  lcd1602_init                  
000007fd  I2C_mstr_init                 
00000800  __SYSMEM_SIZE                 
000008b9  led_on                        
0000096d  leds_init                     
00000a15  doublebyte_to_ascii           
00000a91  __TI_decompress_lzss          
00000b0d  ADC1_in                       
00000bd1  __aeabi_uidiv                 
00000bd1  __aeabi_uidivmod              
00000c11  usec_delay                    
00000c4d  __TI_auto_init_nobinit_nopinit
00000c89  launchpad_gpio_init           
00000cc1  main                          
00000cf9  msec_delay                    
00000d2d  lcd_write_doublebyte          
00000d59  _c_int00_noargs               
00000d81  lcd_write_string              
00000da5  lcd_set_backlight_on          
00000dc5  lcd_set_ddram_addr            
00000de5  I2C_mstr_send1                
00000e03  lcd_write_char                
00000e1b  __aeabi_idiv0                 
00000e1d  leds_enable                   
00000e31  TI_memcpy_small               
00000e43  __TI_decompress_none          
00000e55  clock_delay                   
00000e65  lcd_clear                     
00000e75  __aeabi_memcpy                
00000e75  __aeabi_memcpy4               
00000e75  __aeabi_memcpy8               
00000e7d  ADC0_IRQHandler               
00000e7d  ADC1_IRQHandler               
00000e7d  AES_IRQHandler                
00000e7d  CANFD0_IRQHandler             
00000e7d  DAC0_IRQHandler               
00000e7d  DMA_IRQHandler                
00000e7d  Default_Handler               
00000e7d  GROUP0_IRQHandler             
00000e7d  GROUP1_IRQHandler             
00000e7d  I2C0_IRQHandler               
00000e7d  I2C1_IRQHandler               
00000e7d  NMI_Handler                   
00000e7d  PendSV_Handler                
00000e7d  RTC_IRQHandler                
00000e7d  SPI0_IRQHandler               
00000e7d  SPI1_IRQHandler               
00000e7d  SVC_Handler                   
00000e7d  SysTick_Handler               
00000e7d  TIMA0_IRQHandler              
00000e7d  TIMA1_IRQHandler              
00000e7d  TIMG0_IRQHandler              
00000e7d  TIMG12_IRQHandler             
00000e7d  TIMG6_IRQHandler              
00000e7d  TIMG7_IRQHandler              
00000e7d  TIMG8_IRQHandler              
00000e7d  UART0_IRQHandler              
00000e7d  UART1_IRQHandler              
00000e7d  UART2_IRQHandler              
00000e7d  UART3_IRQHandler              
00000e81  HardFault_Handler             
00000e85  Reset_Handler                 
00000e89  _system_pre_init              
00000e8c  C$$EXIT                       
00000e8d  abort                         
00000e90  led_config_data               
00000ef0  iic_config_data               
00000f14  __TI_Handler_Table_Base       
00000f1c  __TI_CINIT_Base               
00000f1c  __TI_Handler_Table_Limit      
00000f24  __TI_CINIT_Limit              
00000f24  __TI_CINIT_Warm               
20200000  __start___llvm_prf_bits       
20200000  __start___llvm_prf_cnts       
20200000  __stop___llvm_prf_bits        
20200000  __stop___llvm_prf_cnts        
20200000  _sys_memory                   
20200800  g_bus_clock_freq              
20207e00  __stack                       
20208000  __STACK_END                   
ffffffff  __TI_pprof_out_hndl           
ffffffff  __TI_prof_data_size           
ffffffff  __TI_prof_data_start          
ffffffff  __binit__                     
ffffffff  binit                         
UNDEFED   __mpu_init                    
UNDEFED   _system_post_cinit            

[104 symbols]
