******************************************************************************
            TI ARM Clang Linker PC v4.0.0                      
******************************************************************************
>> Linked Mon May 11 11:14:34 2026

OUTPUT FILE NAME:   <Final_Project.out>
ENTRY POINT SYMBOL: "_c_int00_noargs"  address: 00001005


MEMORY CONFIGURATION

         name            origin    length      used     unused   attr    fill
----------------------  --------  ---------  --------  --------  ----  --------
  FLASH                 00000000   00020000  00001210  0001edf0  R  X
  SRAM                  20200000   00008000  00000a06  000075fa  RW X
  BCR_CONFIG            41c00000   00000080  00000000  00000080  R   
  BSL_CONFIG            41c00100   00000080  00000000  00000080  R   


SEGMENT ALLOCATION MAP

run origin  load origin   length   init length attrs members
----------  ----------- ---------- ----------- ----- -------
00000000    00000000    00001210   00001210    r-x
  00000000    00000000    000000c0   000000c0    r-- .intvecs
  000000c0    000000c0    000010b8   000010b8    r-x .text
  00001178    00001178    00000078   00000078    r-- .rodata
  000011f0    000011f0    00000020   00000020    r-- .cinit
20200000    20200000    00000806   00000000    rw-
  20200000    20200000    00000800   00000000    rw- .sysmem
  20200800    20200800    00000006   00000000    rw- .data
20207e00    20207e00    00000200   00000000    rw-
  20207e00    20207e00    00000200   00000000    rw- .stack


SECTION ALLOCATION MAP

 output                                  attributes/
section   page    origin      length       input sections
--------  ----  ----------  ----------   ----------------
.intvecs   0    00000000    000000c0     
                  00000000    000000c0     startup_mspm0g3507_ticlang.o (.intvecs)

.text      0    000000c0    000010b8     
                  000000c0    00000198     Light_sensor_main.o (.text.light_read_display)
                  00000258    00000184     LaunchPad.o (.text.I2C_mstr_send_internal)
                  000003dc    00000170     clock.o (.text.clock_init_40mhz)
                  0000054c    0000011c     lcd1602.o (.text.lcd1602_write)
                  00000668    000000d4     adc.o (.text.ADC1_init)
                  0000073c    000000d0     LaunchPad.o (.text.leds_off)
                  0000080c    000000c0     lcd1602.o (.text.lcd1602_init)
                  000008cc    000000bc     LaunchPad.o (.text.I2C_mstr_init)
                  00000988    000000b4     LaunchPad.o (.text.led_on)
                  00000a3c    000000ac     Light_sensor_main.o (.text.TIMA0_C0_pwm_init)
                  00000ae8    000000a8     Light_sensor_main.o (.text.TIMG8_C0_CNT_init)
                  00000b90    000000a8     LaunchPad.o (.text.leds_init)
                  00000c38    0000007c     lcd1602.o (.text.doublebyte_to_ascii)
                  00000cb4    0000007c     libc.a : copy_decompress_lzss.c.obj (.text:decompress:lzss)
                  00000d30    00000068     adc.o (.text.ADC1_in)
                  00000d98    0000005c     LaunchPad.o (.text.I2C_fill_tx_fifo)
                  00000df4    0000005c     Light_sensor_main.o (.text.main)
                  00000e50    00000040     libclang_rt.builtins.a : aeabi_uidivmod.S.obj (.text.__aeabi_uidivmod)
                  00000e90    0000003c     clock.o (.text.usec_delay)
                  00000ecc    0000003c     libc.a : autoinit.c.obj (.text:__TI_auto_init_nobinit_nopinit)
                  00000f08    00000038     LaunchPad.o (.text.launchpad_gpio_init)
                  00000f40    00000036     Light_sensor_main.o (.text.check_light_adc)
                  00000f76    00000002     libclang_rt.builtins.a : aeabi_div0.c.obj (.text.__aeabi_idiv0)
                  00000f78    00000034     clock.o (.text.msec_delay)
                  00000fac    0000002c     Light_sensor_main.o (.text.TIMA0_C0_set_pwm_dc)
                  00000fd8    0000002c     lcd1602.o (.text.lcd_write_doublebyte)
                  00001004    00000028     libc.a : boot_cortex_m.c.obj (.text:_c_int00_noargs)
                  0000102c    00000024     lcd1602.o (.text.lcd_write_string)
                  00001050    00000020     lcd1602.o (.text.lcd_set_backlight_on)
                  00001070    00000020     lcd1602.o (.text.lcd_set_ddram_addr)
                  00001090    0000001e     LaunchPad.o (.text.I2C_mstr_send1)
                  000010ae    00000018     lcd1602.o (.text.lcd_write_char)
                  000010c6    00000016     Light_sensor_main.o (.text.TIMG8_IRQHandler)
                  000010dc    00000014     LaunchPad.o (.text.leds_enable)
                  000010f0    00000012     libc.a : memcpy16.S.obj (.text:TI_memcpy_small)
                  00001102    00000012            : copy_decompress_none.c.obj (.text:decompress:none)
                  00001114    00000010     Light_sensor_main.o (.text.TIMA0_C0_pwm_enable)
                  00001124    00000010     clock.o (.text.clock_delay)
                  00001134    0000000e     lcd1602.o (.text.lcd_clear)
                  00001142    00000002     --HOLE-- [fill = 0]
                  00001144    0000000c     Light_sensor_main.o (.text.TIMA0_C0_init)
                  00001150    0000000c     Light_sensor_main.o (.text.TIMG8_C0_init)
                  0000115c    00000008     libclang_rt.builtins.a : aeabi_memcpy.S.obj (.text.__aeabi_memcpy)
                  00001164    00000004     startup_mspm0g3507_ticlang.o (.text.Default_Handler)
                  00001168    00000004     startup_mspm0g3507_ticlang.o (.text.HardFault_Handler)
                  0000116c    00000004     startup_mspm0g3507_ticlang.o (.text.Reset_Handler)
                  00001170    00000004     libc.a : pre_init.c.obj (.text._system_pre_init)
                  00001174    00000004            : exit.c.obj (.text:abort)

.cinit     0    000011f0    00000020     
                  000011f0    0000000a     (.cinit..data.load) [load image, compression = lzss]
                  000011fa    00000002     --HOLE-- [fill = 0]
                  000011fc    00000008     (__TI_handler_table)
                  00001204    00000008     (__TI_cinit_table)
                  0000120c    00000004     --HOLE-- [fill = 0]

.rodata    0    00001178    00000078     
                  00001178    00000060     LaunchPad.o (.rodata.led_config_data)
                  000011d8    00000018     LaunchPad.o (.rodata.iic_config_data)

.init_array 
*          0    00000000    00000000     UNINITIALIZED

.binit     0    00000000    00000000     

.data      0    20200800    00000006     UNINITIALIZED
                  20200800    00000004     clock.o (.data.g_bus_clock_freq)
                  20200804    00000001     lcd1602.o (.data.g_lcd_backlight_mode)
                  20200805    00000001     Light_sensor_main.o (.data.light_read_display.increment)

.sysmem    0    20200000    00000800     UNINITIALIZED
                  20200000    00000010     libc.a : memory.c.obj (.sysmem)
                  20200010    000007f0     --HOLE--

.stack     0    20207e00    00000200     UNINITIALIZED
                  20207e00    00000004     libc.a : boot_cortex_m.c.obj (.stack)
                  20207e04    000001fc     --HOLE--

__llvm_prf_cnts 
*          0    20200000    00000000     UNINITIALIZED

__llvm_prf_bits 
*          0    20200000    00000000     UNINITIALIZED

MODULE SUMMARY

       Module                         code   ro data   rw data
       ------                         ----   -------   -------
    .\
       LaunchPad.o                    1330   120       0      
       Light_sensor_main.o            1000   0         1      
       lcd1602.o                      782    0         1      
       clock.o                        496    0         4      
       adc.o                          316    0         0      
    +--+------------------------------+------+---------+---------+
       Total:                         3924   120       6      
                                                              
    .\ticlang\
       startup_mspm0g3507_ticlang.o   12     192       0      
    +--+------------------------------+------+---------+---------+
       Total:                         12     192       0      
                                                              
    C:\ti\ccstheia151\ccs\tools\compiler\ti-cgt-armllvm_4.0.0.LTS\lib\armv6m-ti-none-eabi/c/libc.a
       copy_decompress_lzss.c.obj     124    0         0      
       autoinit.c.obj                 60     0         0      
       boot_cortex_m.c.obj            40     0         0      
       copy_decompress_none.c.obj     18     0         0      
       memcpy16.S.obj                 18     0         0      
       exit.c.obj                     4      0         0      
       pre_init.c.obj                 4      0         0      
    +--+------------------------------+------+---------+---------+
       Total:                         268    0         0      
                                                              
    C:\ti\ccstheia151\ccs\tools\compiler\ti-cgt-armllvm_4.0.0.LTS\lib\armv6m-ti-none-eabi/libclang_rt.builtins.a
       aeabi_uidivmod.S.obj           64     0         0      
       aeabi_memcpy.S.obj             8      0         0      
       aeabi_div0.c.obj               2      0         0      
    +--+------------------------------+------+---------+---------+
       Total:                         74     0         0      
                                                              
       Heap:                          0      0         2048   
       Stack:                         0      0         512    
       Linker Generated:              0      26        0      
    +--+------------------------------+------+---------+---------+
       Grand Total:                   4278   338       2566   


LINKER GENERATED COPY TABLES

__TI_cinit_table @ 00001204 records: 1, size/record: 8, table size: 8
	.data: load addr=000011f0, load size=0000000a bytes, run addr=20200800, run size=00000006 bytes, compression=lzss


LINKER GENERATED HANDLER TABLE

__TI_handler_table @ 000011fc records: 2, size/record: 4, table size: 8
	index: 0, handler: __TI_decompress_lzss
	index: 1, handler: __TI_decompress_none


GLOBAL SYMBOLS: SORTED ALPHABETICALLY BY Name 

address   name                          
-------   ----                          
00001165  ADC0_IRQHandler               
00001165  ADC1_IRQHandler               
00000d31  ADC1_in                       
00000669  ADC1_init                     
00001165  AES_IRQHandler                
00001174  C$$EXIT                       
00001165  CANFD0_IRQHandler             
00001165  DAC0_IRQHandler               
00001165  DMA_IRQHandler                
00001165  Default_Handler               
00001165  GROUP0_IRQHandler             
00001165  GROUP1_IRQHandler             
00001169  HardFault_Handler             
00001165  I2C0_IRQHandler               
00001165  I2C1_IRQHandler               
000008cd  I2C_mstr_init                 
00001091  I2C_mstr_send1                
00001165  NMI_Handler                   
00001165  PendSV_Handler                
00001165  RTC_IRQHandler                
0000116d  Reset_Handler                 
00001165  SPI0_IRQHandler               
00001165  SPI1_IRQHandler               
00001165  SVC_Handler                   
00001165  SysTick_Handler               
00001145  TIMA0_C0_init                 
00001115  TIMA0_C0_pwm_enable           
00000a3d  TIMA0_C0_pwm_init             
00000fad  TIMA0_C0_set_pwm_dc           
00001165  TIMA0_IRQHandler              
00001165  TIMA1_IRQHandler              
00001165  TIMG0_IRQHandler              
00001165  TIMG12_IRQHandler             
00001165  TIMG6_IRQHandler              
00001165  TIMG7_IRQHandler              
00000ae9  TIMG8_C0_CNT_init             
00001151  TIMG8_C0_init                 
000010c7  TIMG8_IRQHandler              
000010f1  TI_memcpy_small               
00001165  UART0_IRQHandler              
00001165  UART1_IRQHandler              
00001165  UART2_IRQHandler              
00001165  UART3_IRQHandler              
20208000  __STACK_END                   
00000200  __STACK_SIZE                  
00000800  __SYSMEM_SIZE                 
00000000  __TI_ATRegion0_region_sz      
00000000  __TI_ATRegion0_src_addr       
00000000  __TI_ATRegion0_trg_addr       
00000000  __TI_ATRegion1_region_sz      
00000000  __TI_ATRegion1_src_addr       
00000000  __TI_ATRegion1_trg_addr       
00000000  __TI_ATRegion2_region_sz      
00000000  __TI_ATRegion2_src_addr       
00000000  __TI_ATRegion2_trg_addr       
00001204  __TI_CINIT_Base               
0000120c  __TI_CINIT_Limit              
0000120c  __TI_CINIT_Warm               
000011fc  __TI_Handler_Table_Base       
00001204  __TI_Handler_Table_Limit      
00000ecd  __TI_auto_init_nobinit_nopinit
00000cb5  __TI_decompress_lzss          
00001103  __TI_decompress_none          
ffffffff  __TI_pprof_out_hndl           
ffffffff  __TI_prof_data_size           
ffffffff  __TI_prof_data_start          
00000000  __TI_static_base__            
00000f77  __aeabi_idiv0                 
0000115d  __aeabi_memcpy                
0000115d  __aeabi_memcpy4               
0000115d  __aeabi_memcpy8               
00000e51  __aeabi_uidiv                 
00000e51  __aeabi_uidivmod              
ffffffff  __binit__                     
UNDEFED   __mpu_init                    
20207e00  __stack                       
20200000  __start___llvm_prf_bits       
20200000  __start___llvm_prf_cnts       
20200000  __stop___llvm_prf_bits        
20200000  __stop___llvm_prf_cnts        
00001005  _c_int00_noargs               
20200000  _sys_memory                   
UNDEFED   _system_post_cinit            
00001171  _system_pre_init              
00001175  abort                         
ffffffff  binit                         
00000f41  check_light_adc               
00001125  clock_delay                   
000003dd  clock_init_40mhz              
00000c39  doublebyte_to_ascii           
20200800  g_bus_clock_freq              
000011d8  iic_config_data               
00000000  interruptVectors              
00000f09  launchpad_gpio_init           
0000080d  lcd1602_init                  
0000054d  lcd1602_write                 
00001135  lcd_clear                     
00001051  lcd_set_backlight_on          
00001071  lcd_set_ddram_addr            
000010af  lcd_write_char                
00000fd9  lcd_write_doublebyte          
0000102d  lcd_write_string              
00001178  led_config_data               
00000989  led_on                        
000010dd  leds_enable                   
00000b91  leds_init                     
0000073d  leds_off                      
000000c1  light_read_display            
00000df5  main                          
00000f79  msec_delay                    
00000e91  usec_delay                    


GLOBAL SYMBOLS: SORTED BY Symbol Address 

address   name                          
-------   ----                          
00000000  __TI_ATRegion0_region_sz      
00000000  __TI_ATRegion0_src_addr       
00000000  __TI_ATRegion0_trg_addr       
00000000  __TI_ATRegion1_region_sz      
00000000  __TI_ATRegion1_src_addr       
00000000  __TI_ATRegion1_trg_addr       
00000000  __TI_ATRegion2_region_sz      
00000000  __TI_ATRegion2_src_addr       
00000000  __TI_ATRegion2_trg_addr       
00000000  __TI_static_base__            
00000000  interruptVectors              
000000c1  light_read_display            
00000200  __STACK_SIZE                  
000003dd  clock_init_40mhz              
0000054d  lcd1602_write                 
00000669  ADC1_init                     
0000073d  leds_off                      
00000800  __SYSMEM_SIZE                 
0000080d  lcd1602_init                  
000008cd  I2C_mstr_init                 
00000989  led_on                        
00000a3d  TIMA0_C0_pwm_init             
00000ae9  TIMG8_C0_CNT_init             
00000b91  leds_init                     
00000c39  doublebyte_to_ascii           
00000cb5  __TI_decompress_lzss          
00000d31  ADC1_in                       
00000df5  main                          
00000e51  __aeabi_uidiv                 
00000e51  __aeabi_uidivmod              
00000e91  usec_delay                    
00000ecd  __TI_auto_init_nobinit_nopinit
00000f09  launchpad_gpio_init           
00000f41  check_light_adc               
00000f77  __aeabi_idiv0                 
00000f79  msec_delay                    
00000fad  TIMA0_C0_set_pwm_dc           
00000fd9  lcd_write_doublebyte          
00001005  _c_int00_noargs               
0000102d  lcd_write_string              
00001051  lcd_set_backlight_on          
00001071  lcd_set_ddram_addr            
00001091  I2C_mstr_send1                
000010af  lcd_write_char                
000010c7  TIMG8_IRQHandler              
000010dd  leds_enable                   
000010f1  TI_memcpy_small               
00001103  __TI_decompress_none          
00001115  TIMA0_C0_pwm_enable           
00001125  clock_delay                   
00001135  lcd_clear                     
00001145  TIMA0_C0_init                 
00001151  TIMG8_C0_init                 
0000115d  __aeabi_memcpy                
0000115d  __aeabi_memcpy4               
0000115d  __aeabi_memcpy8               
00001165  ADC0_IRQHandler               
00001165  ADC1_IRQHandler               
00001165  AES_IRQHandler                
00001165  CANFD0_IRQHandler             
00001165  DAC0_IRQHandler               
00001165  DMA_IRQHandler                
00001165  Default_Handler               
00001165  GROUP0_IRQHandler             
00001165  GROUP1_IRQHandler             
00001165  I2C0_IRQHandler               
00001165  I2C1_IRQHandler               
00001165  NMI_Handler                   
00001165  PendSV_Handler                
00001165  RTC_IRQHandler                
00001165  SPI0_IRQHandler               
00001165  SPI1_IRQHandler               
00001165  SVC_Handler                   
00001165  SysTick_Handler               
00001165  TIMA0_IRQHandler              
00001165  TIMA1_IRQHandler              
00001165  TIMG0_IRQHandler              
00001165  TIMG12_IRQHandler             
00001165  TIMG6_IRQHandler              
00001165  TIMG7_IRQHandler              
00001165  UART0_IRQHandler              
00001165  UART1_IRQHandler              
00001165  UART2_IRQHandler              
00001165  UART3_IRQHandler              
00001169  HardFault_Handler             
0000116d  Reset_Handler                 
00001171  _system_pre_init              
00001174  C$$EXIT                       
00001175  abort                         
00001178  led_config_data               
000011d8  iic_config_data               
000011fc  __TI_Handler_Table_Base       
00001204  __TI_CINIT_Base               
00001204  __TI_Handler_Table_Limit      
0000120c  __TI_CINIT_Limit              
0000120c  __TI_CINIT_Warm               
20200000  __start___llvm_prf_bits       
20200000  __start___llvm_prf_cnts       
20200000  __stop___llvm_prf_bits        
20200000  __stop___llvm_prf_cnts        
20200000  _sys_memory                   
20200800  g_bus_clock_freq              
20207e00  __stack                       
20208000  __STACK_END                   
ffffffff  __TI_pprof_out_hndl           
ffffffff  __TI_prof_data_size           
ffffffff  __TI_prof_data_start          
ffffffff  __binit__                     
ffffffff  binit                         
UNDEFED   __mpu_init                    
UNDEFED   _system_post_cinit            

[111 symbols]
