******************************************************************************
            TI ARM Clang Linker PC v4.0.0                      
******************************************************************************
>> Linked Thu May  7 13:06:18 2026

OUTPUT FILE NAME:   <Soil_Sensor.out>
ENTRY POINT SYMBOL: "_c_int00_noargs"  address: 00000c2d


MEMORY CONFIGURATION

         name            origin    length      used     unused   attr    fill
----------------------  --------  ---------  --------  --------  ----  --------
  FLASH                 00000000   00020000  00000e08  0001f1f8  R  X
  SRAM                  20200000   00008000  00000a06  000075fa  RW X
  BCR_CONFIG            41c00000   00000080  00000000  00000080  R   
  BSL_CONFIG            41c00100   00000080  00000000  00000080  R   


SEGMENT ALLOCATION MAP

run origin  load origin   length   init length attrs members
----------  ----------- ---------- ----------- ----- -------
00000000    00000000    00000e08   00000e08    r-x
  00000000    00000000    000000c0   000000c0    r-- .intvecs
  000000c0    000000c0    00000cd8   00000cd8    r-x .text
  00000d98    00000d98    00000050   00000050    r-- .rodata
  00000de8    00000de8    00000020   00000020    r-- .cinit
20200000    20200000    00000806   00000000    rw-
  20200000    20200000    00000800   00000000    rw- .sysmem
  20200800    20200800    00000006   00000000    rw- .data
20207e00    20207e00    00000200   00000000    rw-
  20207e00    20207e00    00000200   00000000    rw- .stack


SECTION ALLOCATION MAP

 output                                  attributes/
section   page    origin      length       input sections
--------  ----  ----------  ----------   ----------------
.intvecs   0    00000000    000000c0     
                  00000000    000000c0     startup_mspm0g3507_ticlang.o (.intvecs)

.text      0    000000c0    00000cd8     
                  000000c0    00000184     LaunchPad.o (.text.I2C_mstr_send_internal)
                  00000244    00000170     clock.o (.text.clock_init_40mhz)
                  000003b4    0000011c     lcd1602.o (.text.lcd1602_write)
                  000004d0    000000ec     soil_sensor_main.o (.text.average_adc_values)
                  000005bc    000000d4     adc.o (.text.ADC0_init)
                  00000690    000000c0     lcd1602.o (.text.lcd1602_init)
                  00000750    000000bc     LaunchPad.o (.text.I2C_mstr_init)
                  0000080c    000000b8     soil_sensor_main.o (.text.read_display_soil)
                  000008c4    0000007c     libc.a : copy_decompress_lzss.c.obj (.text:decompress:lzss)
                  00000940    00000068     adc.o (.text.ADC0_in)
                  000009a8    0000005c     LaunchPad.o (.text.I2C_fill_tx_fifo)
                  00000a04    00000040     libclang_rt.builtins.a : aeabi_uidivmod.S.obj (.text.__aeabi_uidivmod)
                  00000a44    0000003c     clock.o (.text.sys_tick_init)
                  00000a80    0000003c     clock.o (.text.usec_delay)
                  00000abc    0000003c     libc.a : autoinit.c.obj (.text:__TI_auto_init_nobinit_nopinit)
                  00000af8    00000038     LaunchPad.o (.text.launchpad_gpio_init)
                  00000b30    00000038     soil_sensor_main.o (.text.main)
                  00000b68    00000034     clock.o (.text.msec_delay)
                  00000b9c    00000030     soil_sensor_main.o (.text.dry_soil)
                  00000bcc    00000030     soil_sensor_main.o (.text.soil_status)
                  00000bfc    00000030     soil_sensor_main.o (.text.wet_soil)
                  00000c2c    00000028     libc.a : boot_cortex_m.c.obj (.text:_c_int00_noargs)
                  00000c54    00000024     lcd1602.o (.text.lcd_write_string)
                  00000c78    00000020     lcd1602.o (.text.lcd_set_backlight_on)
                  00000c98    00000020     lcd1602.o (.text.lcd_set_ddram_addr)
                  00000cb8    0000001e     LaunchPad.o (.text.I2C_mstr_send1)
                  00000cd6    00000002     libclang_rt.builtins.a : aeabi_div0.c.obj (.text.__aeabi_idiv0)
                  00000cd8    0000001c     soil_sensor_main.o (.text.enable_adc_avgs)
                  00000cf4    0000001c     clock.o (.text.sys_tick_disable)
                  00000d10    00000018     lcd1602.o (.text.lcd_write_char)
                  00000d28    00000012     libc.a : memcpy16.S.obj (.text:TI_memcpy_small)
                  00000d3a    00000012            : copy_decompress_none.c.obj (.text:decompress:none)
                  00000d4c    00000010     clock.o (.text.clock_delay)
                  00000d5c    0000000e     lcd1602.o (.text.lcd_clear)
                  00000d6a    00000002     --HOLE-- [fill = 0]
                  00000d6c    0000000c     soil_sensor_main.o (.text.SysTick_Handler)
                  00000d78    00000008     libclang_rt.builtins.a : aeabi_memcpy.S.obj (.text.__aeabi_memcpy)
                  00000d80    00000004     startup_mspm0g3507_ticlang.o (.text.Default_Handler)
                  00000d84    00000004     startup_mspm0g3507_ticlang.o (.text.HardFault_Handler)
                  00000d88    00000004     startup_mspm0g3507_ticlang.o (.text.Reset_Handler)
                  00000d8c    00000004     libc.a : pre_init.c.obj (.text._system_pre_init)
                  00000d90    00000004            : exit.c.obj (.text:abort)
                  00000d94    00000004     --HOLE-- [fill = 0]

.cinit     0    00000de8    00000020     
                  00000de8    0000000a     (.cinit..data.load) [load image, compression = lzss]
                  00000df2    00000002     --HOLE-- [fill = 0]
                  00000df4    00000008     (__TI_handler_table)
                  00000dfc    00000008     (__TI_cinit_table)
                  00000e04    00000004     --HOLE-- [fill = 0]

.rodata    0    00000d98    00000050     
                  00000d98    00000018     LaunchPad.o (.rodata.iic_config_data)
                  00000db0    0000000e     soil_sensor_main.o (.rodata.str1.105825019282255091571)
                  00000dbe    0000000e     soil_sensor_main.o (.rodata.str1.44083108628368785301)
                  00000dcc    0000000b     soil_sensor_main.o (.rodata.str1.118231416012151243891)
                  00000dd7    0000000b     soil_sensor_main.o (.rodata.str1.119204860698759899861)
                  00000de2    00000006     --HOLE-- [fill = 0]

.init_array 
*          0    00000000    00000000     UNINITIALIZED

.binit     0    00000000    00000000     

.data      0    20200800    00000006     UNINITIALIZED
                  20200800    00000004     clock.o (.data.g_bus_clock_freq)
                  20200804    00000001     soil_sensor_main.o (.data.adc_ready)
                  20200805    00000001     lcd1602.o (.data.g_lcd_backlight_mode)

.sysmem    0    20200000    00000800     UNINITIALIZED
                  20200000    00000010     libc.a : memory.c.obj (.sysmem)
                  20200010    000007f0     --HOLE--

.stack     0    20207e00    00000200     UNINITIALIZED
                  20207e00    00000004     libc.a : boot_cortex_m.c.obj (.stack)
                  20207e04    000001fc     --HOLE--

__llvm_prf_cnts 
*          0    20200000    00000000     UNINITIALIZED

__llvm_prf_bits 
*          0    20200000    00000000     UNINITIALIZED

MODULE SUMMARY

       Module                         code   ro data   rw data
       ------                         ----   -------   -------
    .\
       LaunchPad.o                    754    24        0      
       soil_sensor_main.o             660    50        1      
       lcd1602.o                      614    0         1      
       clock.o                        584    0         4      
       adc.o                          316    0         0      
    +--+------------------------------+------+---------+---------+
       Total:                         2928   74        6      
                                                              
    .\ticlang\
       startup_mspm0g3507_ticlang.o   12     192       0      
    +--+------------------------------+------+---------+---------+
       Total:                         12     192       0      
                                                              
    C:\ti\ccstheia151\ccs\tools\compiler\ti-cgt-armllvm_4.0.0.LTS\lib\armv6m-ti-none-eabi/c/libc.a
       copy_decompress_lzss.c.obj     124    0         0      
       autoinit.c.obj                 60     0         0      
       boot_cortex_m.c.obj            40     0         0      
       copy_decompress_none.c.obj     18     0         0      
       memcpy16.S.obj                 18     0         0      
       exit.c.obj                     4      0         0      
       pre_init.c.obj                 4      0         0      
    +--+------------------------------+------+---------+---------+
       Total:                         268    0         0      
                                                              
    C:\ti\ccstheia151\ccs\tools\compiler\ti-cgt-armllvm_4.0.0.LTS\lib\armv6m-ti-none-eabi/libclang_rt.builtins.a
       aeabi_uidivmod.S.obj           64     0         0      
       aeabi_memcpy.S.obj             8      0         0      
       aeabi_div0.c.obj               2      0         0      
    +--+------------------------------+------+---------+---------+
       Total:                         74     0         0      
                                                              
       Heap:                          0      0         2048   
       Stack:                         0      0         512    
       Linker Generated:              0      26        0      
    +--+------------------------------+------+---------+---------+
       Grand Total:                   3282   292       2566   


LINKER GENERATED COPY TABLES

__TI_cinit_table @ 00000dfc records: 1, size/record: 8, table size: 8
	.data: load addr=00000de8, load size=0000000a bytes, run addr=20200800, run size=00000006 bytes, compression=lzss


LINKER GENERATED HANDLER TABLE

__TI_handler_table @ 00000df4 records: 2, size/record: 4, table size: 8
	index: 0, handler: __TI_decompress_lzss
	index: 1, handler: __TI_decompress_none


GLOBAL SYMBOLS: SORTED ALPHABETICALLY BY Name 

address   name                          
-------   ----                          
00000d81  ADC0_IRQHandler               
00000941  ADC0_in                       
000005bd  ADC0_init                     
00000d81  ADC1_IRQHandler               
00000d81  AES_IRQHandler                
00000d90  C$$EXIT                       
00000d81  CANFD0_IRQHandler             
00000d81  DAC0_IRQHandler               
00000d81  DMA_IRQHandler                
00000d81  Default_Handler               
00000d81  GROUP0_IRQHandler             
00000d81  GROUP1_IRQHandler             
00000d85  HardFault_Handler             
00000d81  I2C0_IRQHandler               
00000d81  I2C1_IRQHandler               
00000751  I2C_mstr_init                 
00000cb9  I2C_mstr_send1                
00000d81  NMI_Handler                   
00000d81  PendSV_Handler                
00000d81  RTC_IRQHandler                
00000d89  Reset_Handler                 
00000d81  SPI0_IRQHandler               
00000d81  SPI1_IRQHandler               
00000d81  SVC_Handler                   
00000d6d  SysTick_Handler               
00000d81  TIMA0_IRQHandler              
00000d81  TIMA1_IRQHandler              
00000d81  TIMG0_IRQHandler              
00000d81  TIMG12_IRQHandler             
00000d81  TIMG6_IRQHandler              
00000d81  TIMG7_IRQHandler              
00000d81  TIMG8_IRQHandler              
00000d29  TI_memcpy_small               
00000d81  UART0_IRQHandler              
00000d81  UART1_IRQHandler              
00000d81  UART2_IRQHandler              
00000d81  UART3_IRQHandler              
20208000  __STACK_END                   
00000200  __STACK_SIZE                  
00000800  __SYSMEM_SIZE                 
00000000  __TI_ATRegion0_region_sz      
00000000  __TI_ATRegion0_src_addr       
00000000  __TI_ATRegion0_trg_addr       
00000000  __TI_ATRegion1_region_sz      
00000000  __TI_ATRegion1_src_addr       
00000000  __TI_ATRegion1_trg_addr       
00000000  __TI_ATRegion2_region_sz      
00000000  __TI_ATRegion2_src_addr       
00000000  __TI_ATRegion2_trg_addr       
00000dfc  __TI_CINIT_Base               
00000e04  __TI_CINIT_Limit              
00000e04  __TI_CINIT_Warm               
00000df4  __TI_Handler_Table_Base       
00000dfc  __TI_Handler_Table_Limit      
00000abd  __TI_auto_init_nobinit_nopinit
000008c5  __TI_decompress_lzss          
00000d3b  __TI_decompress_none          
ffffffff  __TI_pprof_out_hndl           
ffffffff  __TI_prof_data_size           
ffffffff  __TI_prof_data_start          
00000000  __TI_static_base__            
00000cd7  __aeabi_idiv0                 
00000d79  __aeabi_memcpy                
00000d79  __aeabi_memcpy4               
00000d79  __aeabi_memcpy8               
00000a05  __aeabi_uidiv                 
00000a05  __aeabi_uidivmod              
ffffffff  __binit__                     
UNDEFED   __mpu_init                    
20207e00  __stack                       
20200000  __start___llvm_prf_bits       
20200000  __start___llvm_prf_cnts       
20200000  __stop___llvm_prf_bits        
20200000  __stop___llvm_prf_cnts        
00000c2d  _c_int00_noargs               
20200000  _sys_memory                   
UNDEFED   _system_post_cinit            
00000d8d  _system_pre_init              
00000d91  abort                         
20200804  adc_ready                     
000004d1  average_adc_values            
ffffffff  binit                         
00000d4d  clock_delay                   
00000245  clock_init_40mhz              
00000b9d  dry_soil                      
00000cd9  enable_adc_avgs               
20200800  g_bus_clock_freq              
00000d98  iic_config_data               
00000000  interruptVectors              
00000af9  launchpad_gpio_init           
00000691  lcd1602_init                  
000003b5  lcd1602_write                 
00000d5d  lcd_clear                     
00000c79  lcd_set_backlight_on          
00000c99  lcd_set_ddram_addr            
00000d11  lcd_write_char                
00000c55  lcd_write_string              
00000b31  main                          
00000b69  msec_delay                    
0000080d  read_display_soil             
00000bcd  soil_status                   
00000cf5  sys_tick_disable              
00000a45  sys_tick_init                 
00000a81  usec_delay                    
00000bfd  wet_soil                      


GLOBAL SYMBOLS: SORTED BY Symbol Address 

address   name                          
-------   ----                          
00000000  __TI_ATRegion0_region_sz      
00000000  __TI_ATRegion0_src_addr       
00000000  __TI_ATRegion0_trg_addr       
00000000  __TI_ATRegion1_region_sz      
00000000  __TI_ATRegion1_src_addr       
00000000  __TI_ATRegion1_trg_addr       
00000000  __TI_ATRegion2_region_sz      
00000000  __TI_ATRegion2_src_addr       
00000000  __TI_ATRegion2_trg_addr       
00000000  __TI_static_base__            
00000000  interruptVectors              
00000200  __STACK_SIZE                  
00000245  clock_init_40mhz              
000003b5  lcd1602_write                 
000004d1  average_adc_values            
000005bd  ADC0_init                     
00000691  lcd1602_init                  
00000751  I2C_mstr_init                 
00000800  __SYSMEM_SIZE                 
0000080d  read_display_soil             
000008c5  __TI_decompress_lzss          
00000941  ADC0_in                       
00000a05  __aeabi_uidiv                 
00000a05  __aeabi_uidivmod              
00000a45  sys_tick_init                 
00000a81  usec_delay                    
00000abd  __TI_auto_init_nobinit_nopinit
00000af9  launchpad_gpio_init           
00000b31  main                          
00000b69  msec_delay                    
00000b9d  dry_soil                      
00000bcd  soil_status                   
00000bfd  wet_soil                      
00000c2d  _c_int00_noargs               
00000c55  lcd_write_string              
00000c79  lcd_set_backlight_on          
00000c99  lcd_set_ddram_addr            
00000cb9  I2C_mstr_send1                
00000cd7  __aeabi_idiv0                 
00000cd9  enable_adc_avgs               
00000cf5  sys_tick_disable              
00000d11  lcd_write_char                
00000d29  TI_memcpy_small               
00000d3b  __TI_decompress_none          
00000d4d  clock_delay                   
00000d5d  lcd_clear                     
00000d6d  SysTick_Handler               
00000d79  __aeabi_memcpy                
00000d79  __aeabi_memcpy4               
00000d79  __aeabi_memcpy8               
00000d81  ADC0_IRQHandler               
00000d81  ADC1_IRQHandler               
00000d81  AES_IRQHandler                
00000d81  CANFD0_IRQHandler             
00000d81  DAC0_IRQHandler               
00000d81  DMA_IRQHandler                
00000d81  Default_Handler               
00000d81  GROUP0_IRQHandler             
00000d81  GROUP1_IRQHandler             
00000d81  I2C0_IRQHandler               
00000d81  I2C1_IRQHandler               
00000d81  NMI_Handler                   
00000d81  PendSV_Handler                
00000d81  RTC_IRQHandler                
00000d81  SPI0_IRQHandler               
00000d81  SPI1_IRQHandler               
00000d81  SVC_Handler                   
00000d81  TIMA0_IRQHandler              
00000d81  TIMA1_IRQHandler              
00000d81  TIMG0_IRQHandler              
00000d81  TIMG12_IRQHandler             
00000d81  TIMG6_IRQHandler              
00000d81  TIMG7_IRQHandler              
00000d81  TIMG8_IRQHandler              
00000d81  UART0_IRQHandler              
00000d81  UART1_IRQHandler              
00000d81  UART2_IRQHandler              
00000d81  UART3_IRQHandler              
00000d85  HardFault_Handler             
00000d89  Reset_Handler                 
00000d8d  _system_pre_init              
00000d90  C$$EXIT                       
00000d91  abort                         
00000d98  iic_config_data               
00000df4  __TI_Handler_Table_Base       
00000dfc  __TI_CINIT_Base               
00000dfc  __TI_Handler_Table_Limit      
00000e04  __TI_CINIT_Limit              
00000e04  __TI_CINIT_Warm               
20200000  __start___llvm_prf_bits       
20200000  __start___llvm_prf_cnts       
20200000  __stop___llvm_prf_bits        
20200000  __stop___llvm_prf_cnts        
20200000  _sys_memory                   
20200800  g_bus_clock_freq              
20200804  adc_ready                     
20207e00  __stack                       
20208000  __STACK_END                   
ffffffff  __TI_pprof_out_hndl           
ffffffff  __TI_prof_data_size           
ffffffff  __TI_prof_data_start          
ffffffff  __binit__                     
ffffffff  binit                         
UNDEFED   __mpu_init                    
UNDEFED   _system_post_cinit            

[105 symbols]
