******************************************************************************
            TI ARM Clang Linker PC v4.0.0                      
******************************************************************************
>> Linked Tue May  5 11:18:24 2026

OUTPUT FILE NAME:   <Soil_Sensor.out>
ENTRY POINT SYMBOL: "_c_int00_noargs"  address: 00000bbd


MEMORY CONFIGURATION

         name            origin    length      used     unused   attr    fill
----------------------  --------  ---------  --------  --------  ----  --------
  FLASH                 00000000   00020000  00000dc0  0001f240  R  X
  SRAM                  20200000   00008000  00000a05  000075fb  RW X
  BCR_CONFIG            41c00000   00000080  00000000  00000080  R   
  BSL_CONFIG            41c00100   00000080  00000000  00000080  R   


SEGMENT ALLOCATION MAP

run origin  load origin   length   init length attrs members
----------  ----------- ---------- ----------- ----- -------
00000000    00000000    00000dc0   00000dc0    r-x
  00000000    00000000    000000c0   000000c0    r-- .intvecs
  000000c0    000000c0    00000c60   00000c60    r-x .text
  00000d20    00000d20    00000080   00000080    r-- .rodata
  00000da0    00000da0    00000020   00000020    r-- .cinit
20200000    20200000    00000805   00000000    rw-
  20200000    20200000    00000800   00000000    rw- .sysmem
  20200800    20200800    00000005   00000000    rw- .data
20207e00    20207e00    00000200   00000000    rw-
  20207e00    20207e00    00000200   00000000    rw- .stack


SECTION ALLOCATION MAP

 output                                  attributes/
section   page    origin      length       input sections
--------  ----  ----------  ----------   ----------------
.intvecs   0    00000000    000000c0     
                  00000000    000000c0     startup_mspm0g3507_ticlang.o (.intvecs)

.text      0    000000c0    00000c60     
                  000000c0    00000184     LaunchPad.o (.text.I2C_mstr_send_internal)
                  00000244    00000170     clock.o (.text.clock_init_40mhz)
                  000003b4    0000011c     lcd1602.o (.text.lcd1602_write)
                  000004d0    000000d4     adc.o (.text.ADC0_init)
                  000005a4    000000c8     soil_sensor_main.o (.text.read_display_soil)
                  0000066c    000000c0     lcd1602.o (.text.lcd1602_init)
                  0000072c    000000bc     LaunchPad.o (.text.I2C_mstr_init)
                  000007e8    0000009c     LaunchPad.o (.text.is_pb_down)
                  00000884    0000007c     lcd1602.o (.text.doublebyte_to_ascii)
                  00000900    0000007c     libc.a : copy_decompress_lzss.c.obj (.text:decompress:lzss)
                  0000097c    00000068     adc.o (.text.ADC0_in)
                  000009e4    0000005c     LaunchPad.o (.text.I2C_fill_tx_fifo)
                  00000a40    00000040     libclang_rt.builtins.a : aeabi_uidivmod.S.obj (.text.__aeabi_uidivmod)
                  00000a80    0000003c     clock.o (.text.usec_delay)
                  00000abc    0000003c     libc.a : autoinit.c.obj (.text:__TI_auto_init_nobinit_nopinit)
                  00000af8    00000038     LaunchPad.o (.text.launchpad_gpio_init)
                  00000b30    00000034     clock.o (.text.msec_delay)
                  00000b64    0000002c     lcd1602.o (.text.lcd_write_doublebyte)
                  00000b90    0000002c     soil_sensor_main.o (.text.main)
                  00000bbc    00000028     libc.a : boot_cortex_m.c.obj (.text:_c_int00_noargs)
                  00000be4    00000024     lcd1602.o (.text.lcd_write_string)
                  00000c08    00000024     soil_sensor_main.o (.text.wait_for_pb_released)
                  00000c2c    00000020     lcd1602.o (.text.lcd_set_backlight_on)
                  00000c4c    00000020     lcd1602.o (.text.lcd_set_ddram_addr)
                  00000c6c    0000001e     LaunchPad.o (.text.I2C_mstr_send1)
                  00000c8a    00000002     libclang_rt.builtins.a : aeabi_div0.c.obj (.text.__aeabi_idiv0)
                  00000c8c    0000001c     soil_sensor_main.o (.text.average_adc_values)
                  00000ca8    00000018     lcd1602.o (.text.lcd_write_char)
                  00000cc0    00000012     libc.a : memcpy16.S.obj (.text:TI_memcpy_small)
                  00000cd2    00000012            : copy_decompress_none.c.obj (.text:decompress:none)
                  00000ce4    00000010     clock.o (.text.clock_delay)
                  00000cf4    0000000e     lcd1602.o (.text.lcd_clear)
                  00000d02    00000002     --HOLE-- [fill = 0]
                  00000d04    00000008     libclang_rt.builtins.a : aeabi_memcpy.S.obj (.text.__aeabi_memcpy)
                  00000d0c    00000004     startup_mspm0g3507_ticlang.o (.text.Default_Handler)
                  00000d10    00000004     startup_mspm0g3507_ticlang.o (.text.HardFault_Handler)
                  00000d14    00000004     startup_mspm0g3507_ticlang.o (.text.Reset_Handler)
                  00000d18    00000004     libc.a : pre_init.c.obj (.text._system_pre_init)
                  00000d1c    00000004            : exit.c.obj (.text:abort)

.cinit     0    00000da0    00000020     
                  00000da0    00000009     (.cinit..data.load) [load image, compression = lzss]
                  00000da9    00000003     --HOLE-- [fill = 0]
                  00000dac    00000008     (__TI_handler_table)
                  00000db4    00000008     (__TI_cinit_table)
                  00000dbc    00000004     --HOLE-- [fill = 0]

.rodata    0    00000d20    00000080     
                  00000d20    00000030     LaunchPad.o (.rodata.dip_switch_config_data)
                  00000d50    00000018     LaunchPad.o (.rodata.iic_config_data)
                  00000d68    00000011     soil_sensor_main.o (.rodata.str1.105825019282255091571)
                  00000d79    00000011     soil_sensor_main.o (.rodata.str1.118231416012151243891)
                  00000d8a    00000010     soil_sensor_main.o (.rodata.str1.44083108628368785301)
                  00000d9a    00000005     soil_sensor_main.o (.rodata.str1.119204860698759899861)
                  00000d9f    00000001     --HOLE-- [fill = 0]

.init_array 
*          0    00000000    00000000     UNINITIALIZED

.binit     0    00000000    00000000     

.data      0    20200800    00000005     UNINITIALIZED
                  20200800    00000004     clock.o (.data.g_bus_clock_freq)
                  20200804    00000001     lcd1602.o (.data.g_lcd_backlight_mode)

.sysmem    0    20200000    00000800     UNINITIALIZED
                  20200000    00000010     libc.a : memory.c.obj (.sysmem)
                  20200010    000007f0     --HOLE--

.stack     0    20207e00    00000200     UNINITIALIZED
                  20207e00    00000004     libc.a : boot_cortex_m.c.obj (.stack)
                  20207e04    000001fc     --HOLE--

__llvm_prf_cnts 
*          0    20200000    00000000     UNINITIALIZED

__llvm_prf_bits 
*          0    20200000    00000000     UNINITIALIZED

MODULE SUMMARY

       Module                         code   ro data   rw data
       ------                         ----   -------   -------
    .\
       LaunchPad.o                    910    72        0      
       lcd1602.o                      782    0         1      
       clock.o                        496    0         4      
       soil_sensor_main.o             308    55        0      
       adc.o                          316    0         0      
    +--+------------------------------+------+---------+---------+
       Total:                         2812   127       5      
                                                              
    .\ticlang\
       startup_mspm0g3507_ticlang.o   12     192       0      
    +--+------------------------------+------+---------+---------+
       Total:                         12     192       0      
                                                              
    C:\ti\ccstheia151\ccs\tools\compiler\ti-cgt-armllvm_4.0.0.LTS\lib\armv6m-ti-none-eabi/c/libc.a
       copy_decompress_lzss.c.obj     124    0         0      
       autoinit.c.obj                 60     0         0      
       boot_cortex_m.c.obj            40     0         0      
       copy_decompress_none.c.obj     18     0         0      
       memcpy16.S.obj                 18     0         0      
       exit.c.obj                     4      0         0      
       pre_init.c.obj                 4      0         0      
    +--+------------------------------+------+---------+---------+
       Total:                         268    0         0      
                                                              
    C:\ti\ccstheia151\ccs\tools\compiler\ti-cgt-armllvm_4.0.0.LTS\lib\armv6m-ti-none-eabi/libclang_rt.builtins.a
       aeabi_uidivmod.S.obj           64     0         0      
       aeabi_memcpy.S.obj             8      0         0      
       aeabi_div0.c.obj               2      0         0      
    +--+------------------------------+------+---------+---------+
       Total:                         74     0         0      
                                                              
       Heap:                          0      0         2048   
       Stack:                         0      0         512    
       Linker Generated:              0      25        0      
    +--+------------------------------+------+---------+---------+
       Grand Total:                   3166   344       2565   


LINKER GENERATED COPY TABLES

__TI_cinit_table @ 00000db4 records: 1, size/record: 8, table size: 8
	.data: load addr=00000da0, load size=00000009 bytes, run addr=20200800, run size=00000005 bytes, compression=lzss


LINKER GENERATED HANDLER TABLE

__TI_handler_table @ 00000dac records: 2, size/record: 4, table size: 8
	index: 0, handler: __TI_decompress_lzss
	index: 1, handler: __TI_decompress_none


GLOBAL SYMBOLS: SORTED ALPHABETICALLY BY Name 

address   name                          
-------   ----                          
00000d0d  ADC0_IRQHandler               
0000097d  ADC0_in                       
000004d1  ADC0_init                     
00000d0d  ADC1_IRQHandler               
00000d0d  AES_IRQHandler                
00000d1c  C$$EXIT                       
00000d0d  CANFD0_IRQHandler             
00000d0d  DAC0_IRQHandler               
00000d0d  DMA_IRQHandler                
00000d0d  Default_Handler               
00000d0d  GROUP0_IRQHandler             
00000d0d  GROUP1_IRQHandler             
00000d11  HardFault_Handler             
00000d0d  I2C0_IRQHandler               
00000d0d  I2C1_IRQHandler               
0000072d  I2C_mstr_init                 
00000c6d  I2C_mstr_send1                
00000d0d  NMI_Handler                   
00000d0d  PendSV_Handler                
00000d0d  RTC_IRQHandler                
00000d15  Reset_Handler                 
00000d0d  SPI0_IRQHandler               
00000d0d  SPI1_IRQHandler               
00000d0d  SVC_Handler                   
00000d0d  SysTick_Handler               
00000d0d  TIMA0_IRQHandler              
00000d0d  TIMA1_IRQHandler              
00000d0d  TIMG0_IRQHandler              
00000d0d  TIMG12_IRQHandler             
00000d0d  TIMG6_IRQHandler              
00000d0d  TIMG7_IRQHandler              
00000d0d  TIMG8_IRQHandler              
00000cc1  TI_memcpy_small               
00000d0d  UART0_IRQHandler              
00000d0d  UART1_IRQHandler              
00000d0d  UART2_IRQHandler              
00000d0d  UART3_IRQHandler              
20208000  __STACK_END                   
00000200  __STACK_SIZE                  
00000800  __SYSMEM_SIZE                 
00000000  __TI_ATRegion0_region_sz      
00000000  __TI_ATRegion0_src_addr       
00000000  __TI_ATRegion0_trg_addr       
00000000  __TI_ATRegion1_region_sz      
00000000  __TI_ATRegion1_src_addr       
00000000  __TI_ATRegion1_trg_addr       
00000000  __TI_ATRegion2_region_sz      
00000000  __TI_ATRegion2_src_addr       
00000000  __TI_ATRegion2_trg_addr       
00000db4  __TI_CINIT_Base               
00000dbc  __TI_CINIT_Limit              
00000dbc  __TI_CINIT_Warm               
00000dac  __TI_Handler_Table_Base       
00000db4  __TI_Handler_Table_Limit      
00000abd  __TI_auto_init_nobinit_nopinit
00000901  __TI_decompress_lzss          
00000cd3  __TI_decompress_none          
ffffffff  __TI_pprof_out_hndl           
ffffffff  __TI_prof_data_size           
ffffffff  __TI_prof_data_start          
00000000  __TI_static_base__            
00000c8b  __aeabi_idiv0                 
00000d05  __aeabi_memcpy                
00000d05  __aeabi_memcpy4               
00000d05  __aeabi_memcpy8               
00000a41  __aeabi_uidiv                 
00000a41  __aeabi_uidivmod              
ffffffff  __binit__                     
UNDEFED   __mpu_init                    
20207e00  __stack                       
20200000  __start___llvm_prf_bits       
20200000  __start___llvm_prf_cnts       
20200000  __stop___llvm_prf_bits        
20200000  __stop___llvm_prf_cnts        
00000bbd  _c_int00_noargs               
20200000  _sys_memory                   
UNDEFED   _system_post_cinit            
00000d19  _system_pre_init              
00000d1d  abort                         
00000c8d  average_adc_values            
ffffffff  binit                         
00000ce5  clock_delay                   
00000245  clock_init_40mhz              
00000d20  dip_switch_config_data        
00000885  doublebyte_to_ascii           
20200800  g_bus_clock_freq              
00000d50  iic_config_data               
00000000  interruptVectors              
000007e9  is_pb_down                    
00000af9  launchpad_gpio_init           
0000066d  lcd1602_init                  
000003b5  lcd1602_write                 
00000cf5  lcd_clear                     
00000c2d  lcd_set_backlight_on          
00000c4d  lcd_set_ddram_addr            
00000ca9  lcd_write_char                
00000b65  lcd_write_doublebyte          
00000be5  lcd_write_string              
00000b91  main                          
00000b31  msec_delay                    
000005a5  read_display_soil             
00000a81  usec_delay                    
00000c09  wait_for_pb_released          


GLOBAL SYMBOLS: SORTED BY Symbol Address 

address   name                          
-------   ----                          
00000000  __TI_ATRegion0_region_sz      
00000000  __TI_ATRegion0_src_addr       
00000000  __TI_ATRegion0_trg_addr       
00000000  __TI_ATRegion1_region_sz      
00000000  __TI_ATRegion1_src_addr       
00000000  __TI_ATRegion1_trg_addr       
00000000  __TI_ATRegion2_region_sz      
00000000  __TI_ATRegion2_src_addr       
00000000  __TI_ATRegion2_trg_addr       
00000000  __TI_static_base__            
00000000  interruptVectors              
00000200  __STACK_SIZE                  
00000245  clock_init_40mhz              
000003b5  lcd1602_write                 
000004d1  ADC0_init                     
000005a5  read_display_soil             
0000066d  lcd1602_init                  
0000072d  I2C_mstr_init                 
000007e9  is_pb_down                    
00000800  __SYSMEM_SIZE                 
00000885  doublebyte_to_ascii           
00000901  __TI_decompress_lzss          
0000097d  ADC0_in                       
00000a41  __aeabi_uidiv                 
00000a41  __aeabi_uidivmod              
00000a81  usec_delay                    
00000abd  __TI_auto_init_nobinit_nopinit
00000af9  launchpad_gpio_init           
00000b31  msec_delay                    
00000b65  lcd_write_doublebyte          
00000b91  main                          
00000bbd  _c_int00_noargs               
00000be5  lcd_write_string              
00000c09  wait_for_pb_released          
00000c2d  lcd_set_backlight_on          
00000c4d  lcd_set_ddram_addr            
00000c6d  I2C_mstr_send1                
00000c8b  __aeabi_idiv0                 
00000c8d  average_adc_values            
00000ca9  lcd_write_char                
00000cc1  TI_memcpy_small               
00000cd3  __TI_decompress_none          
00000ce5  clock_delay                   
00000cf5  lcd_clear                     
00000d05  __aeabi_memcpy                
00000d05  __aeabi_memcpy4               
00000d05  __aeabi_memcpy8               
00000d0d  ADC0_IRQHandler               
00000d0d  ADC1_IRQHandler               
00000d0d  AES_IRQHandler                
00000d0d  CANFD0_IRQHandler             
00000d0d  DAC0_IRQHandler               
00000d0d  DMA_IRQHandler                
00000d0d  Default_Handler               
00000d0d  GROUP0_IRQHandler             
00000d0d  GROUP1_IRQHandler             
00000d0d  I2C0_IRQHandler               
00000d0d  I2C1_IRQHandler               
00000d0d  NMI_Handler                   
00000d0d  PendSV_Handler                
00000d0d  RTC_IRQHandler                
00000d0d  SPI0_IRQHandler               
00000d0d  SPI1_IRQHandler               
00000d0d  SVC_Handler                   
00000d0d  SysTick_Handler               
00000d0d  TIMA0_IRQHandler              
00000d0d  TIMA1_IRQHandler              
00000d0d  TIMG0_IRQHandler              
00000d0d  TIMG12_IRQHandler             
00000d0d  TIMG6_IRQHandler              
00000d0d  TIMG7_IRQHandler              
00000d0d  TIMG8_IRQHandler              
00000d0d  UART0_IRQHandler              
00000d0d  UART1_IRQHandler              
00000d0d  UART2_IRQHandler              
00000d0d  UART3_IRQHandler              
00000d11  HardFault_Handler             
00000d15  Reset_Handler                 
00000d19  _system_pre_init              
00000d1c  C$$EXIT                       
00000d1d  abort                         
00000d20  dip_switch_config_data        
00000d50  iic_config_data               
00000dac  __TI_Handler_Table_Base       
00000db4  __TI_CINIT_Base               
00000db4  __TI_Handler_Table_Limit      
00000dbc  __TI_CINIT_Limit              
00000dbc  __TI_CINIT_Warm               
20200000  __start___llvm_prf_bits       
20200000  __start___llvm_prf_cnts       
20200000  __stop___llvm_prf_bits        
20200000  __stop___llvm_prf_cnts        
20200000  _sys_memory                   
20200800  g_bus_clock_freq              
20207e00  __stack                       
20208000  __STACK_END                   
ffffffff  __TI_pprof_out_hndl           
ffffffff  __TI_prof_data_size           
ffffffff  __TI_prof_data_start          
ffffffff  __binit__                     
ffffffff  binit                         
UNDEFED   __mpu_init                    
UNDEFED   _system_post_cinit            

[103 symbols]
